Starting comprehensive Twilio test sequence...

1. Sending purchase confirmation...
node : Γ£ù Failed to send SMS: username is required
At line:1 char:1
+ node scripts/test-twilio.js 2>&1 | tee test-output.txt
+ ~~~~~~~~~~~~~~~~~~~~~~~~~~~~~~~~
    + CategoryInfo          : NotSpecified: (Γ£ù Failed to s...ame is required 
   :String) [], RemoteException
    + FullyQualifiedErrorId : NativeCommandError
 
2. Sending usage alert (80%)...
Γ£ù Failed to send SMS: username is required
3. Sending usage alert (100%)...
Γ£ù Failed to send SMS: username is required
4. Sending OTP...
Γ£ù Failed to send SMS: username is required

Γ£ô Comprehensive Twilio test sequence completed.
